✔ optional certification evidence preserves schema-v1 parsing and gameplay (4.5785ms)
✔ all current exported puzzles satisfy the frontend exchange contract (2.1679ms)
✔ invalid or duplicate entries do not discard good entries; schema is enforced (1.0296ms)
✔ given cells cannot be overwritten, erased, annotated or revealed (0.5487ms)
✔ nine distinct notes toggle at stable candidate positions and undo atomically (0.3636ms)
✔ a value removes matching peer notes as one undo group, preserving unrelated notes (0.5183ms)
✔ auto removal setting preserves peer candidates and notes cannot overwrite values (0.1716ms)
✔ immediate mistakes count changed incorrect entries only and survive undo (0.1613ms)
✔ completion checking catches a wrong full board and off mode suppresses mistakes (1.144ms)
✔ timer uses real time, explicit pause freezes it, restore resumes saved duration (0.4518ms)
✔ correct completion freezes timer; undo reopens game; completed progress restores (1.9626ms)
✔ restoration preserves notes, selection and history without allowing clue tampering (0.2867ms)
✔ foreign saves, malformed notes and malicious undo frames are rejected (0.2961ms)
✔ hint reveals selected correct value, groups notes removal and tracks lifetime hints (0.2004ms)
✔ localStorage failures and malformed JSON do not interrupt gameplay (0.5393ms)
✔ loader resolves data relative to a nested GitHub Pages project path (0.6961ms)
ℹ tests 16
ℹ suites 0
ℹ pass 16
ℹ fail 0
ℹ cancelled 0
ℹ skipped 0
ℹ todo 0
ℹ duration_ms 131.2906
