test_deductions_preserve_independent_witness_on_varied_candidate_states (test_advanced_soundness.AdvancedSoundnessTests.test_deductions_preserve_independent_witness_on_varied_candidate_states) ... ok
test_all_techniques_invalid_visibility_and_no_conclusion (test_als.ALSTests.test_all_techniques_invalid_visibility_and_no_conclusion) ... ok
test_als_chain (test_als.ALSTests.test_als_chain) ... ok
test_als_xy_wing (test_als.ALSTests.test_als_xy_wing) ... ok
test_als_xz (test_als.ALSTests.test_als_xz) ... ok
test_broken_chain_adjacent_same_rcc_repeated_set_and_wrong_endpoint (test_als.ALSTests.test_broken_chain_adjacent_same_rcc_repeated_set_and_wrong_endpoint) ... ok
test_canonical_als_and_deduplication (test_als.ALSTests.test_canonical_als_and_deduplication) ... ok
test_chain_broken_rcc_and_wrong_endpoint (test_als.ALSTests.test_chain_broken_rcc_and_wrong_endpoint) ... ok
test_invalid_als (test_als.ALSTests.test_invalid_als) ... ok
test_limits (test_als.ALSTests.test_limits) ... ok
test_multicell_als_xz_and_independent_exact_local_assignments (test_als.ALSTests.test_multicell_als_xz_and_independent_exact_local_assignments) ... ok
test_multicell_xz_requires_all_rcc_occurrences_to_see (test_als.ALSTests.test_multicell_xz_requires_all_rcc_occurrences_to_see) ... ok
test_valid_and_invalid_rcc (test_als.ALSTests.test_valid_and_invalid_rcc) ... ok
test_xy_wing_broken_rcc_and_wrong_endpoint (test_als.ALSTests.test_xy_wing_broken_rcc_and_wrong_endpoint) ... ok
test_adjacent_eliminations_grouped (test_bottleneck_rating.BottleneckTests.test_adjacent_eliminations_grouped) ... ok
test_applied_hard_step_cannot_hide_simple_alternative (test_bottleneck_rating.BottleneckTests.test_applied_hard_step_cannot_hide_simple_alternative) ... ok
test_fake_and_genuine_minimum (test_bottleneck_rating.BottleneckTests.test_fake_and_genuine_minimum) ... ok
test_repeated_pattern_merges_adjacent_episode_transitively (test_bottleneck_rating.BottleneckTests.test_repeated_pattern_merges_adjacent_episode_transitively) ... ok
test_candidates_from_givens (test_candidates.CandidateTests.test_candidates_from_givens) ... ok
test_explicit_masks_and_copy_are_independent (test_candidates.CandidateTests.test_explicit_masks_and_copy_are_independent) ... ok
test_failed_mutations_are_atomic (test_candidates.CandidateTests.test_failed_mutations_are_atomic) ... ok
test_invalid_candidate_states (test_candidates.CandidateTests.test_invalid_candidate_states) ... ok
test_masks (test_candidates.CandidateTests.test_masks) ... ok
test_missing_unit_support_is_rejected_atomically (test_candidates.CandidateTests.test_missing_unit_support_is_rejected_atomically) ... ok
test_place_updates_only_peers_and_preserves_eliminations (test_candidates.CandidateTests.test_place_updates_only_peers_and_preserves_eliminations) ... ok
test_solved_state_and_filled_mutations (test_candidates.CandidateTests.test_solved_state_and_filled_mutations) ... ok
test_aic (test_chains.ChainTests.test_aic) ... ok
test_aic_discontinuities_require_every_strong_link (test_chains.ChainTests.test_aic_discontinuities_require_every_strong_link) ... ok
test_aic_negative (test_chains.ChainTests.test_aic_negative) ... ok
test_aic_strong_discontinuity_places_candidate (test_chains.ChainTests.test_aic_strong_discontinuity_places_candidate) ... ok
test_aic_weak_discontinuity_eliminates_candidate (test_chains.ChainTests.test_aic_weak_discontinuity_eliminates_candidate) ... ok
test_grouped_aic (test_chains.ChainTests.test_grouped_aic) ... ok
test_grouped_invalid_partition_and_visibility (test_chains.ChainTests.test_grouped_invalid_partition_and_visibility) ... ok
test_invalid_chain_certificates (test_chains.ChainTests.test_invalid_chain_certificates) ... ok
test_nice_loop (test_chains.ChainTests.test_nice_loop) ... ok
test_nice_loop_negative (test_chains.ChainTests.test_nice_loop_negative) ... ok
test_nineteen_link_xy_chain_and_exact_length_cutoff (test_chains.ChainTests.test_nineteen_link_xy_chain_and_exact_length_cutoff) ... ok
test_search_bounds (test_chains.ChainTests.test_search_bounds) ... ok
test_strong_and_weak_cell_semantics (test_chains.ChainTests.test_strong_and_weak_cell_semantics) ... ok
test_unit_links_and_broken_pair (test_chains.ChainTests.test_unit_links_and_broken_pair) ... ok
test_x_chain (test_chains.ChainTests.test_x_chain) ... ok
test_x_negative_broken_link_and_no_conclusion (test_chains.ChainTests.test_x_negative_broken_link_and_no_conclusion) ... ok
test_xy_chain_multivalue_target (test_chains.ChainTests.test_xy_chain_multivalue_target) ... ok
test_xy_wrong_endpoint_broken_bivalue_and_visibility (test_chains.ChainTests.test_xy_wrong_endpoint_broken_bivalue_and_visibility) ... ok
test_all_classes_and_boundaries (test_classification.ClassificationTests.test_all_classes_and_boundaries) ... ok
test_fake_peak_clues_and_missing_evidence (test_classification.ClassificationTests.test_fake_peak_clues_and_missing_evidence) ... ok
test_real_extreme_preliminary_candidate_and_report (test_classification.ClassificationTests.test_real_extreme_preliminary_candidate_and_report) ... ok
test_easy_deep_and_exact_boundary (test_deep_rating.DeepRatingTests.test_easy_deep_and_exact_boundary) ... ok
test_real_aic_floor_and_distinct_crises (test_deep_rating.DeepRatingTests.test_real_aic_floor_and_distinct_crises) ... ok
test_als_and_forcing_proof_metadata_affect_cost (test_difficulty.QuickDifficultyTests.test_als_and_forcing_proof_metadata_affect_cost) ... ok
test_chain_lengths_grouping_and_weights (test_difficulty.QuickDifficultyTests.test_chain_lengths_grouping_and_weights) ... ok
test_quick_is_deterministic_and_no_alternative_enumeration (test_difficulty.QuickDifficultyTests.test_quick_is_deterministic_and_no_alternative_enumeration) ... ok
test_signature_includes_candidates_and_copy_independence (test_difficulty.QuickDifficultyTests.test_signature_includes_candidates_and_copy_independence) ... ok
test_solved_invalid_and_unsolved (test_difficulty.QuickDifficultyTests.test_solved_invalid_and_unsolved) ... ok
test_direct_modes_have_real_search_policies_and_honor_explicit_overrides (test_evolution_core.EvolutionConfigTests.test_direct_modes_have_real_search_policies_and_honor_explicit_overrides) ... ok
test_individual_preserves_immutable_chromosome_and_owned_rating (test_evolution_core.EvolutionConfigTests.test_individual_preserves_immutable_chromosome_and_owned_rating) ... ok
test_invalid_budgets_and_weights (test_evolution_core.EvolutionConfigTests.test_invalid_budgets_and_weights) ... ok
test_round_trip_profiles_and_policy (test_evolution_core.EvolutionConfigTests.test_round_trip_profiles_and_policy) ... ok
test_advanced_complexity_positive_contributions (test_evolution_core.FitnessSelectionTests.test_advanced_complexity_positive_contributions) ... ok
test_archive_order_is_deterministic (test_evolution_core.FitnessSelectionTests.test_archive_order_is_deterministic) ... ok
test_clues_and_minimality_are_small_bonuses_and_policy_recomputes (test_evolution_core.FitnessSelectionTests.test_clues_and_minimality_are_small_bonuses_and_policy_recomputes) ... ok
test_difficulty_and_genuine_bottlenecks_raise_fitness (test_evolution_core.FitnessSelectionTests.test_difficulty_and_genuine_bottlenecks_raise_fitness) ... ok
test_pareto_keeps_tradeoffs_rejects_dominated_and_provisional (test_evolution_core.FitnessSelectionTests.test_pareto_keeps_tradeoffs_rejects_dominated_and_provisional) ... ok
test_quick_and_deep_share_tier_scale_without_certifying_quick (test_evolution_core.FitnessSelectionTests.test_quick_and_deep_share_tier_scale_without_certifying_quick) ... ok
test_reject_constraints_and_human_unsolved_never_score_high (test_evolution_core.FitnessSelectionTests.test_reject_constraints_and_human_unsolved_never_score_high) ... ok
test_survivors_exact_elite_preservation_duplicates_and_diversity (test_evolution_core.FitnessSelectionTests.test_survivors_exact_elite_preservation_duplicates_and_diversity) ... ok
test_tournament_reproducibility_and_bias (test_evolution_core.FitnessSelectionTests.test_tournament_reproducibility_and_bias) ... ok
test_all_operators_preserve_solution_valid_mask_and_fixed_rng (test_evolution_core.MutationTests.test_all_operators_preserve_solution_valid_mask_and_fixed_rng) ... ok
test_boundary_masks_and_operator_errors (test_evolution_core.MutationTests.test_boundary_masks_and_operator_errors) ... ok
test_crossover_keeps_common_and_only_parent_optional_clues (test_evolution_core.MutationTests.test_crossover_keeps_common_and_only_parent_optional_clues) ... ok
test_guided_mutation_uses_bottleneck_candidate_structure (test_evolution_core.MutationTests.test_guided_mutation_uses_bottleneck_candidate_structure) ... ok
test_region_mutation_is_local_to_one_unit (test_evolution_core.MutationTests.test_region_mutation_is_local_to_one_unit) ... ok
test_swap_changes_distinct_positions_and_multi_swap_budget (test_evolution_core.MutationTests.test_swap_changes_distinct_positions_and_multi_swap_budget) ... ok
test_all_repair_strategies_are_unique_and_use_difference_sets (test_evolution_core.RepairTests.test_all_repair_strategies_are_unique_and_use_difference_sets) ... ok
test_collector_exact_witnesses_and_early_limit (test_evolution_core.RepairTests.test_collector_exact_witnesses_and_early_limit) ... ok
test_conflicts_reused_only_for_identical_target (test_evolution_core.RepairTests.test_conflicts_reused_only_for_identical_target) ... ok
test_zero_budget_reports_failure_without_mutation (test_evolution_core.RepairTests.test_zero_budget_reports_failure_without_mutation) ... ok
test_champion_keeps_new_minimality_evidence_at_equal_fitness (test_evolution_engine.EvolutionBudgetTests.test_champion_keeps_new_minimality_evidence_at_equal_fitness) ... ok
test_cli_exports_matching_champion_outside_pareto_archive (test_evolution_engine.EvolutionBudgetTests.test_cli_exports_matching_champion_outside_pareto_archive) ... ok
test_cli_timeout_saves_snapshot_without_overwriting_database (test_evolution_engine.EvolutionBudgetTests.test_cli_timeout_saves_snapshot_without_overwriting_database) ... ok
test_deep_selection_covers_old_and_injected_candidates_with_one_budget (test_evolution_engine.EvolutionBudgetTests.test_deep_selection_covers_old_and_injected_candidates_with_one_budget) ... ok
test_empty_timeout_is_honest_and_serializable (test_evolution_engine.EvolutionBudgetTests.test_empty_timeout_is_honest_and_serializable) ... ok
test_historical_scalar_champion_survives_pareto_dominance_and_export (test_evolution_engine.EvolutionBudgetTests.test_historical_scalar_champion_survives_pareto_dominance_and_export) ... ok
test_local_search_compares_cached_deep_neighbor_with_deep_baseline (test_evolution_engine.EvolutionBudgetTests.test_local_search_compares_cached_deep_neighbor_with_deep_baseline) ... ok
test_monster_target_requires_minimality (test_evolution_engine.EvolutionBudgetTests.test_monster_target_requires_minimality) ... ok
test_quick_only_run_never_claims_a_verified_best (test_evolution_engine.EvolutionBudgetTests.test_quick_only_run_never_claims_a_verified_best) ... ok
test_elites_preserved_and_injections_reserved (test_evolution_engine.EvolutionIntegrationTests.test_elites_preserved_and_injections_reserved) ... ok
test_existing_export_and_snapshot_contract (test_evolution_engine.EvolutionIntegrationTests.test_existing_export_and_snapshot_contract) ... ok
test_policy_scoped_cache_and_detached_rating (test_evolution_engine.EvolutionIntegrationTests.test_policy_scoped_cache_and_detached_rating) ... ok
test_reproducibility_excludes_timings (test_evolution_engine.EvolutionIntegrationTests.test_reproducibility_excludes_timings) ... ok
test_short_pipeline_valid_human_rated_and_unique (test_evolution_engine.EvolutionIntegrationTests.test_short_pipeline_valid_human_rated_and_unique) ... ok
test_stats_and_archive_have_verified_evidence (test_evolution_engine.EvolutionIntegrationTests.test_stats_and_archive_have_verified_evidence) ... ok
test_target_profile_is_separate_from_exploratory_best (test_evolution_engine.EvolutionIntegrationTests.test_target_profile_is_separate_from_exploratory_best) ... ok
test_complete_and_one_missing (test_exact_solver.ExactSolverTests.test_complete_and_one_missing) ... ok
test_conflicting_givens_have_no_solution (test_exact_solver.ExactSolverTests.test_conflicting_givens_have_no_solution) ... ok
test_invalid_input_and_limits (test_exact_solver.ExactSolverTests.test_invalid_input_and_limits) ... ok
test_known_unique_solution (test_exact_solver.ExactSolverTests.test_known_unique_solution) ... ok
test_multiple_solutions_and_early_limit (test_exact_solver.ExactSolverTests.test_multiple_solutions_and_early_limit) ... ok
test_unsatisfiable_without_duplicate_givens (test_exact_solver.ExactSolverTests.test_unsatisfiable_without_duplicate_givens) ... ok
test_count_timeout_and_difficulty_flags_reach_configuration (test_export_cli.CliTests.test_count_timeout_and_difficulty_flags_reach_configuration) ... ok
test_empty_batch_does_not_replace_existing_output (test_export_cli.CliTests.test_empty_batch_does_not_replace_existing_output) ... ok
test_invalid_configuration_and_export_error_return_nonzero (test_export_cli.CliTests.test_invalid_configuration_and_export_error_return_nonzero) ... ok
test_legacy_seed_demo_is_retained (test_export_cli.CliTests.test_legacy_seed_demo_is_retained) ... ok
test_partial_batch_exports_only_accepted_and_returns_failure (test_export_cli.CliTests.test_partial_batch_exports_only_accepted_and_returns_failure) ... ok
test_preliminary_archive_is_separate_from_acceptance (test_export_cli.CliTests.test_preliminary_archive_is_separate_from_acceptance) ... ok
test_real_generate_command_writes_json_and_shows_progress (test_export_cli.CliTests.test_real_generate_command_writes_json_and_shows_progress) ... ok
test_atomic_replace_failure_preserves_existing_file_and_cleans_temp (test_export_cli.ExportTests.test_atomic_replace_failure_preserves_existing_file_and_cleans_temp) ... ok
test_byte_stability_for_reversed_input_with_fixed_timestamp (test_export_cli.ExportTests.test_byte_stability_for_reversed_input_with_fixed_timestamp) ... ok
test_deep_export_uses_verified_required_instead_of_observed (test_export_cli.ExportTests.test_deep_export_uses_verified_required_instead_of_observed) ... ok
test_full_minimal_pipeline_roundtrip (test_export_cli.ExportTests.test_full_minimal_pipeline_roundtrip) ... ok
test_quick_export_does_not_claim_mandatory_hardest (test_export_cli.ExportTests.test_quick_export_does_not_claim_mandatory_hardest) ... ok
test_real_generation_export_roundtrip_and_frontend_contract (test_export_cli.ExportTests.test_real_generation_export_roundtrip_and_frontend_contract) ... ok
test_rechecks_actual_uniqueness_and_minimality (test_export_cli.ExportTests.test_rechecks_actual_uniqueness_and_minimality) ... ok
test_rejects_bad_root_contract_and_nonfinite_optional_data (test_export_cli.ExportTests.test_rejects_bad_root_contract_and_nonfinite_optional_data) ... ok
test_rejects_duplicate_ids_and_exact_duplicate_grids (test_export_cli.ExportTests.test_rejects_duplicate_ids_and_exact_duplicate_grids) ... ok
test_rejects_givens_that_do_not_match_solution (test_export_cli.ExportTests.test_rejects_givens_that_do_not_match_solution) ... ok
test_rejects_invalid_standard_fields (test_export_cli.ExportTests.test_rejects_invalid_standard_fields) ... ok
test_rejects_unsolved_and_inconsistent_rating_results (test_export_cli.ExportTests.test_rejects_unsolved_and_inconsistent_rating_results) ... ok
test_validation_failure_preserves_existing_file (test_export_cli.ExportTests.test_validation_failure_preserves_existing_file) ... ok
test_finds_all_independent_digit_patterns (test_fish.FishTests.test_finds_all_independent_digit_patterns) ... ok
test_jellyfish_negative_fifth_cover (test_fish.FishTests.test_jellyfish_negative_fifth_cover) ... ok
test_jellyfish_sparse_both_orientations (test_fish.FishTests.test_jellyfish_sparse_both_orientations) ... ok
test_no_effect_is_not_a_step (test_fish.FishTests.test_no_effect_is_not_a_step) ... ok
test_swordfish_negative_four_cover_lines (test_fish.FishTests.test_swordfish_negative_four_cover_lines) ... ok
test_swordfish_sparse_both_orientations (test_fish.FishTests.test_swordfish_sparse_both_orientations) ... ok
test_swordfish_three_candidates_per_base (test_fish.FishTests.test_swordfish_three_candidates_per_base) ... ok
test_x_wing_both_orientations (test_fish.FishTests.test_x_wing_both_orientations) ... ok
test_x_wing_different_digit_and_lines (test_fish.FishTests.test_x_wing_different_digit_and_lines) ... ok
test_x_wing_negative_extra_cover (test_fish.FishTests.test_x_wing_negative_extra_cover) ... ok
test_broken_link_near_pattern (test_forcing.ForcingTests.test_broken_link_near_pattern) ... ok
test_common_forcing_and_nishio_deterministic_pure_and_unique (test_forcing.ForcingTests.test_common_forcing_and_nishio_deterministic_pure_and_unique) ... ok
test_contradiction (test_forcing.ForcingTests.test_contradiction) ... ok
test_depth_and_node_limits_are_not_contradictions (test_forcing.ForcingTests.test_depth_and_node_limits_are_not_contradictions) ... ok
test_invalid_assumption (test_forcing.ForcingTests.test_invalid_assumption) ... ok
test_no_contradiction (test_forcing.ForcingTests.test_no_contradiction) ... ok
test_trace_rules_replay (test_forcing.ForcingTests.test_trace_rules_replay) ... ok
test_trimmed_common_conclusion_proofs_replay (test_forcing.ForcingTests.test_trimmed_common_conclusion_proofs_replay) ... ok
test_trimmed_contradiction_retains_and_reindexes_roots (test_forcing.ForcingTests.test_trimmed_contradiction_retains_and_reindexes_roots) ... ok
test_trimmed_proof_reindexes_parents_and_excludes_unrelated_depth (test_forcing.ForcingTests.test_trimmed_proof_reindexes_parents_and_excludes_unrelated_depth) ... ok
test_clue_removal_preserves_unique_and_never_mutates_solution (test_generation_pipeline.ConstructionTests.test_clue_removal_preserves_unique_and_never_mutates_solution) ... ok
test_minimalization_removes_redundant_clue_and_preserves_minimal_input (test_generation_pipeline.ConstructionTests.test_minimalization_removes_redundant_clue_and_preserves_minimal_input) ... ok
test_reject_invalid_construction_requests (test_generation_pipeline.ConstructionTests.test_reject_invalid_construction_requests) ... ok
test_uniqueness_cache_includes_solution_and_is_bounded (test_generation_pipeline.ConstructionTests.test_uniqueness_cache_includes_solution_and_is_bounded) ... ok
test_unreachable_target_stops_at_valid_minimal_state (test_generation_pipeline.ConstructionTests.test_unreachable_target_stops_at_valid_minimal_state) ... ok
test_validation_does_not_trust_warm_uniqueness_cache (test_generation_pipeline.ConstructionTests.test_validation_does_not_trust_warm_uniqueness_cache) ... ok
test_invalid_batch_count_and_config (test_generation_pipeline.GenerationConfigTests.test_invalid_batch_count_and_config) ... ok
test_invalid_configuration (test_generation_pipeline.GenerationConfigTests.test_invalid_configuration) ... ok
test_batch_continues_after_rejection_and_reports_progress (test_generation_pipeline.GenerationPipelineTests.test_batch_continues_after_rejection_and_reports_progress) ... ok
test_batch_ids_duplicates_and_total_budget (test_generation_pipeline.GenerationPipelineTests.test_batch_ids_duplicates_and_total_budget) ... ok
test_completed_batch_has_unique_ids_and_timing_stats (test_generation_pipeline.GenerationPipelineTests.test_completed_batch_has_unique_ids_and_timing_stats) ... ok
test_difficulty_filtering_does_not_infer_difficulty_from_clues (test_generation_pipeline.GenerationPipelineTests.test_difficulty_filtering_does_not_infer_difficulty_from_clues) ... ok
test_fresh_final_uniqueness_gate_prevents_rating (test_generation_pipeline.GenerationPipelineTests.test_fresh_final_uniqueness_gate_prevents_rating) ... ok
test_minimalization_precedes_strict_clue_range (test_generation_pipeline.GenerationPipelineTests.test_minimalization_precedes_strict_clue_range) ... ok
test_reproducible_real_generation_and_global_random_untouched (test_generation_pipeline.GenerationPipelineTests.test_reproducible_real_generation_and_global_random_untouched) ... ok
test_seed_none_records_effective_replayable_seed (test_generation_pipeline.GenerationPipelineTests.test_seed_none_records_effective_replayable_seed) ... ok
test_single_failure_exposes_structured_partial_result (test_generation_pipeline.GenerationPipelineTests.test_single_failure_exposes_structured_partial_result) ... ok
test_solved_matching_difficulty_is_accepted (test_generation_pipeline.GenerationPipelineTests.test_solved_matching_difficulty_is_accepted) ... ok
test_timeout_returns_partial_status_without_fake_puzzle (test_generation_pipeline.GenerationPipelineTests.test_timeout_returns_partial_status_without_fake_puzzle) ... ok
test_deep_real_simple_candidate (test_generation_pipeline.RatingIntegrationTests.test_deep_real_simple_candidate) ... ok
test_high_quick_rating_reaches_deep_before_extreme_target_filter (test_generation_pipeline.RatingIntegrationTests.test_high_quick_rating_reaches_deep_before_extreme_target_filter) ... ok
test_preliminary_extreme_is_archived_when_target_does_not_match (test_generation_pipeline.RatingIntegrationTests.test_preliminary_extreme_is_archived_when_target_does_not_match) ... ok
test_quick_stuck_is_not_rejected_before_deep (test_generation_pipeline.RatingIntegrationTests.test_quick_stuck_is_not_rejected_before_deep) ... ok
test_quick_then_deep_skips_deep_for_weak_candidate (test_generation_pipeline.RatingIntegrationTests.test_quick_then_deep_skips_deep_for_weak_candidate) ... ok
test_reusable_rating_validates_uniqueness_even_with_warm_cache (test_generation_pipeline.RatingIntegrationTests.test_reusable_rating_validates_uniqueness_even_with_warm_cache) ... ok
test_warm_rating_cache_isolation_and_policy_invalidation (test_generation_pipeline.RatingIntegrationTests.test_warm_rating_cache_isolation_and_policy_invalidation) ... ok
test_chromosome_boundaries_and_immutability (test_generator.GeneratorTests.test_chromosome_boundaries_and_immutability) ... ok
test_generated_puzzles_unique_minimal_and_reproducible (test_generator.GeneratorTests.test_generated_puzzles_unique_minimal_and_reproducible) ... ok
test_minimality_rejects_nonunique_or_redundant_puzzles (test_generator.GeneratorTests.test_minimality_rejects_nonunique_or_redundant_puzzles) ... ok
test_reject_invalid_chromosomes_and_solutions (test_generator.GeneratorTests.test_reject_invalid_chromosomes_and_solutions) ... ok
test_solutions_are_valid_diverse_and_reproducible (test_generator.GeneratorTests.test_solutions_are_valid_diverse_and_reproducible) ... ok
test_conflicts_and_completion (test_grid.GridTests.test_conflicts_and_completion) ... ok
test_invalid_cells (test_grid.GridTests.test_invalid_cells) ... ok
test_topology (test_grid.GridTests.test_topology) ... ok
test_validation_copies_and_rejects_malformed_input (test_grid.GridTests.test_validation_copies_and_rejects_malformed_input) ... ok
test_apply_step_is_atomic_and_rejects_no_progress (test_human_solver.HumanSolverTests.test_apply_step_is_atomic_and_rejects_no_progress) ... ok
test_configurable_weights_and_validation (test_human_solver.HumanSolverTests.test_configurable_weights_and_validation) ... ok
test_custom_plugin_priority_restart_and_stable_step_selection (test_human_solver.HumanSolverTests.test_custom_plugin_priority_restart_and_stable_step_selection) ... ok
test_deterministic_replay_and_easiest_available_at_each_step (test_human_solver.HumanSolverTests.test_deterministic_replay_and_easiest_available_at_each_step) ... ok
test_invalid_input (test_human_solver.HumanSolverTests.test_invalid_input) ... ok
test_known_puzzle_and_metrics (test_human_solver.HumanSolverTests.test_known_puzzle_and_metrics) ... ok
test_malformed_input_raises_value_error (test_human_solver.HumanSolverTests.test_malformed_input_raises_value_error) ... ok
test_no_exact_fallback (test_human_solver.HumanSolverTests.test_no_exact_fallback) ... ok
test_real_puzzle_deductions_against_independent_exact_oracle (test_human_solver.HumanSolverTests.test_real_puzzle_deductions_against_independent_exact_oracle) ... ok
test_solved_input_has_empty_path (test_human_solver.HumanSolverTests.test_solved_input_has_empty_path) ... ok
test_stuck_and_empty_registry_do_not_guess (test_human_solver.HumanSolverTests.test_stuck_and_empty_registry_do_not_guess) ... ok
test_complete_and_invalid (test_mandatory_rating.MandatoryTests.test_complete_and_invalid) ... ok
test_invalid_lower_threshold_cannot_verify_floor (test_mandatory_rating.MandatoryTests.test_invalid_lower_threshold_cannot_verify_floor) ... ok
test_real_required_levels (test_mandatory_rating.MandatoryTests.test_real_required_levels) ... ok
test_specific_technique_is_not_same_as_required_level (test_mandatory_rating.MandatoryTests.test_specific_technique_is_not_same_as_required_level) ... ok
test_candidate_techniques_do_not_import_exact_or_solution_generator (test_phase2_integration.Phase2IntegrationTests.test_candidate_techniques_do_not_import_exact_or_solution_generator) ... ok
test_default_order_and_weights (test_phase2_integration.Phase2IntegrationTests.test_default_order_and_weights) ... ok
test_intermediate_count_does_not_depend_on_custom_weight (test_phase2_integration.Phase2IntegrationTests.test_intermediate_count_does_not_depend_on_custom_weight) ... ok
test_swordfish_puzzle (test_phase2_integration.Phase2IntegrationTests.test_swordfish_puzzle) ... ok
test_x_wing_puzzle (test_phase2_integration.Phase2IntegrationTests.test_x_wing_puzzle) ... ok
test_xy_wing_puzzle (test_phase2_integration.Phase2IntegrationTests.test_xy_wing_puzzle) ... ok
test_basic_stuck_intermediate_stuck_advanced_solved (test_phase3_integration.Phase3IntegrationTests.test_basic_stuck_intermediate_stuck_advanced_solved) ... ok
test_dependency_boundary_static_and_clean_process (test_phase3_integration.Phase3IntegrationTests.test_dependency_boundary_static_and_clean_process) ... ok
test_every_available_bounded_deduction_matches_independent_solution (test_phase3_integration.Phase3IntegrationTests.test_every_available_bounded_deduction_matches_independent_solution) ... ok
test_hash_seed_does_not_change_solution_path (test_phase3_integration.Phase3IntegrationTests.test_hash_seed_does_not_change_solution_path) ... ok
test_registry_weights_and_metrics_are_backwards_compatible (test_phase3_integration.Phase3IntegrationTests.test_registry_weights_and_metrics_are_backwards_compatible) ... ok
test_runtime_exact_api_traps_for_all_advanced_detectors (test_phase3_integration.Phase3IntegrationTests.test_runtime_exact_api_traps_for_all_advanced_detectors) ... ok
test_target_repertoires_solve_with_required_technique (test_phase3_integration.Phase3IntegrationTests.test_target_repertoires_solve_with_required_technique) ... ok
test_deep_fresh_cached_and_cache_disabled_identical (test_phase4_integration.Phase4IntegrationTests.test_deep_fresh_cached_and_cache_disabled_identical) ... ok
test_hash_seed_determinism (test_phase4_integration.Phase4IntegrationTests.test_hash_seed_determinism) ... ok
test_quick_and_human_deep_never_call_exact (test_phase4_integration.Phase4IntegrationTests.test_quick_and_human_deep_never_call_exact) ... ok
test_semantic_regression_fixtures (test_phase4_integration.Phase4IntegrationTests.test_semantic_regression_fixtures) ... ok
test_hidden_quad_extra_support_is_not_a_quad (test_quads.QuadTests.test_hidden_quad_extra_support_is_not_a_quad) ... ok
test_hidden_quad_rows_columns_boxes (test_quads.QuadTests.test_hidden_quad_rows_columns_boxes) ... ok
test_naked_quad_extra_digit_is_not_a_quad (test_quads.QuadTests.test_naked_quad_extra_digit_is_not_a_quad) ... ok
test_naked_quad_rows_columns_boxes (test_quads.QuadTests.test_naked_quad_rows_columns_boxes) ... ok
test_quad_without_elimination_is_not_a_step (test_quads.QuadTests.test_quad_without_elimination_is_not_a_step) ... ok
test_profile_boundaries (test_rating_profiles.RatingProfileTests.test_profile_boundaries) ... ok
test_real_tier_fixtures (test_rating_profiles.RatingProfileTests.test_real_tier_fixtures) ... ok
test_threshold_inclusion_and_disabled (test_rating_profiles.RatingProfileTests.test_threshold_inclusion_and_disabled) ... ok
test_config_roundtrip (test_rating_registry.RatingRegistryTests.test_config_roundtrip) ... ok
test_duplicates_unknown_invalid (test_rating_registry.RatingRegistryTests.test_duplicates_unknown_invalid) ... ok
test_legacy_values_and_order (test_rating_registry.RatingRegistryTests.test_legacy_values_and_order) ... ok
test_empty_rectangle_different_box (test_single_digit_patterns.SingleDigitPatternTests.test_empty_rectangle_different_box) ... ok
test_empty_rectangle_grouped_arms_both_orientations (test_single_digit_patterns.SingleDigitPatternTests.test_empty_rectangle_grouped_arms_both_orientations) ... ok
test_empty_rectangle_intersection_candidate_is_valid (test_single_digit_patterns.SingleDigitPatternTests.test_empty_rectangle_intersection_candidate_is_valid) ... ok
test_empty_rectangle_negative_broken_external_pair (test_single_digit_patterns.SingleDigitPatternTests.test_empty_rectangle_negative_broken_external_pair) ... ok
test_empty_rectangle_negative_candidate_outside_arms (test_single_digit_patterns.SingleDigitPatternTests.test_empty_rectangle_negative_candidate_outside_arms) ... ok
test_empty_rectangle_negative_only_one_arm (test_single_digit_patterns.SingleDigitPatternTests.test_empty_rectangle_negative_only_one_arm) ... ok
test_empty_rectangle_two_candidate_box (test_single_digit_patterns.SingleDigitPatternTests.test_empty_rectangle_two_candidate_box) ... ok
test_kite_both_orientations (test_single_digit_patterns.SingleDigitPatternTests.test_kite_both_orientations) ... ok
test_kite_negative_broken_conjugate (test_single_digit_patterns.SingleDigitPatternTests.test_kite_negative_broken_conjugate) ... ok
test_kite_negative_no_common_box (test_single_digit_patterns.SingleDigitPatternTests.test_kite_negative_no_common_box) ... ok
test_skyscraper_negative_third_candidate (test_single_digit_patterns.SingleDigitPatternTests.test_skyscraper_negative_third_candidate) ... ok
test_skyscraper_negative_unaligned_bases (test_single_digit_patterns.SingleDigitPatternTests.test_skyscraper_negative_unaligned_bases) ... ok
test_skyscraper_rows_and_columns (test_single_digit_patterns.SingleDigitPatternTests.test_skyscraper_rows_and_columns) ... ok
test_turbot_box_conjugate_both_orientations (test_single_digit_patterns.SingleDigitPatternTests.test_turbot_box_conjugate_both_orientations) ... ok
test_turbot_includes_skyscraper (test_single_digit_patterns.SingleDigitPatternTests.test_turbot_includes_skyscraper) ... ok
test_turbot_negative_broken_box_pair (test_single_digit_patterns.SingleDigitPatternTests.test_turbot_negative_broken_box_pair) ... ok
test_turbot_negative_disconnected_pairs (test_single_digit_patterns.SingleDigitPatternTests.test_turbot_negative_disconnected_pairs) ... ok
test_aic_and_als (test_state_rating.StateRatingTests.test_aic_and_als) ... ok
test_bad_deduction_is_error_not_missing_move (test_state_rating.StateRatingTests.test_bad_deduction_is_error_not_missing_move) ... ok
test_cache_disabled_and_eviction (test_state_rating.StateRatingTests.test_cache_disabled_and_eviction) ... ok
test_cache_mutation_profile_config_and_clear (test_state_rating.StateRatingTests.test_cache_mutation_profile_config_and_clear) ... ok
test_equal_rating_detectors_and_minimum_count (test_state_rating.StateRatingTests.test_equal_rating_detectors_and_minimum_count) ... ok
test_hidden_single_prevents_aic_floor (test_state_rating.StateRatingTests.test_hidden_single_prevents_aic_floor) ... ok
test_only_aic (test_state_rating.StateRatingTests.test_only_aic) ... ok
test_all_techniques_negative_and_no_mutation (test_techniques.TechniqueTests.test_all_techniques_negative_and_no_mutation) ... ok
test_claiming_rows_columns (test_techniques.TechniqueTests.test_claiming_rows_columns) ... ok
test_full_house_negative_two_empty_cells (test_techniques.TechniqueTests.test_full_house_negative_two_empty_cells) ... ok
test_full_house_rows_columns_boxes (test_techniques.TechniqueTests.test_full_house_rows_columns_boxes) ... ok
test_hidden_pair_rows_columns_boxes (test_techniques.TechniqueTests.test_hidden_pair_rows_columns_boxes) ... ok
test_hidden_single_rows_columns_boxes (test_techniques.TechniqueTests.test_hidden_single_rows_columns_boxes) ... ok
test_hidden_triple_nonidentical_rows_columns_boxes (test_techniques.TechniqueTests.test_hidden_triple_nonidentical_rows_columns_boxes) ... ok
test_naked_pair_rows_columns_boxes (test_techniques.TechniqueTests.test_naked_pair_rows_columns_boxes) ... ok
test_naked_single (test_techniques.TechniqueTests.test_naked_single) ... ok
test_naked_triple_nonidentical_rows_columns_boxes (test_techniques.TechniqueTests.test_naked_triple_nonidentical_rows_columns_boxes) ... ok
test_pointing_rows_columns (test_techniques.TechniqueTests.test_pointing_rows_columns) ... ok
test_subsets_without_elimination_are_not_steps (test_techniques.TechniqueTests.test_subsets_without_elimination_are_not_steps) ... ok
test_w_wing_box_bridge (test_wings.WingTests.test_w_wing_box_bridge) ... ok
test_w_wing_can_link_the_other_digit (test_wings.WingTests.test_w_wing_can_link_the_other_digit) ... ok
test_w_wing_requires_both_wing_connections (test_wings.WingTests.test_w_wing_requires_both_wing_connections) ... ok
test_w_wing_requires_identical_bivalue_wings (test_wings.WingTests.test_w_wing_requires_identical_bivalue_wings) ... ok
test_w_wing_requires_strong_bridge (test_wings.WingTests.test_w_wing_requires_strong_bridge) ... ok
test_w_wing_row_and_column_bridge (test_wings.WingTests.test_w_wing_row_and_column_bridge) ... ok
test_wings_without_effect_are_not_steps (test_wings.WingTests.test_wings_without_effect_are_not_steps) ... ok
test_xy_wing_box_and_row (test_wings.WingTests.test_xy_wing_box_and_row) ... ok
test_xy_wing_requires_bivalue_wings_and_visibility (test_wings.WingTests.test_xy_wing_requires_bivalue_wings_and_visibility) ... ok
test_xy_wing_requires_distinct_pivot_links (test_wings.WingTests.test_xy_wing_requires_distinct_pivot_links) ... ok
test_xy_wing_returns_all_distinct_effects (test_wings.WingTests.test_xy_wing_returns_all_distinct_effects) ... ok
test_xy_wing_row_column_and_transpose (test_wings.WingTests.test_xy_wing_row_column_and_transpose) ... ok
test_xyz_wing_and_transpose (test_wings.WingTests.test_xyz_wing_and_transpose) ... ok
test_xyz_wing_does_not_eliminate_without_pivot_visibility (test_wings.WingTests.test_xyz_wing_does_not_eliminate_without_pivot_visibility) ... ok
test_xyz_wing_requires_two_distinct_subsets_and_pivot_visibility (test_wings.WingTests.test_xyz_wing_requires_two_distinct_subsets_and_pivot_visibility) ... ok
test_xyz_wing_second_box_column_fixture (test_wings.WingTests.test_xyz_wing_second_box_column_fixture) ... ok

----------------------------------------------------------------------
Ran 269 tests in 85.273s

OK
